stefan@ubuntu:~$ mysql
Welcome to the MySQL monitor.  Commands end with ; or \g.
Your MySQL connection id is 36
Server version: 5.5.29-0ubuntu0.12.04.2 (Ubuntu)

Copyright (c) 2000, 2012, Oracle and/or its affiliates. All rights reserved.

Oracle is a registered trademark of Oracle Corporation and/or its
affiliates. Other names may be trademarks of their respective
owners.

Type 'help;' or '\h' for help. Type '\c' to clear the current input statement.

mysql> exit;
Bye
stefan@ubuntu:~$ mysql --user=root -p
Enter password: 
Welcome to the MySQL monitor.  Commands end with ; or \g.
Your MySQL connection id is 37
Server version: 5.5.29-0ubuntu0.12.04.2 (Ubuntu)

Copyright (c) 2000, 2012, Oracle and/or its affiliates. All rights reserved.

Oracle is a registered trademark of Oracle Corporation and/or its
affiliates. Other names may be trademarks of their respective
owners.

Type 'help;' or '\h' for help. Type '\c' to clear the current input statement.

mysql> create database SUDB_Exam;
Query OK, 1 row affected (0.04 sec)

mysql> create table Developer(id int not null auto_increment, name varchar((20), PRIMARY KEY (id));
ERROR 1046 (3D000): No database selected
mysql> use SUBD_Exam
ERROR 1049 (42000): Unknown database 'SUBD_Exam'
mysql> use SUBD_Exam;
ERROR 1049 (42000): Unknown database 'SUBD_Exam'
mysql> show databases
    -> ;
+--------------------+
| Database           |
+--------------------+
| information_schema |
| SUDB_Exam          |
| feedback           |
| mysql              |
| performance_schema |
| test               |
+--------------------+
6 rows in set (0.01 sec)

mysql> use SUDB_Exam;
Database changed
mysql> create table Developer(id int not null auto_increment, name varchar((20), PRIMARY KEY (id));
ERROR 1064 (42000): You have an error in your SQL syntax; check the manual that corresponds to your MySQL server version for the right syntax to use near '(20), PRIMARY KEY (id))' at line 1
mysql> create table Developer(id int not null auto_increment, name varchar((20), primary key (id));
ERROR 1064 (42000): You have an error in your SQL syntax; check the manual that corresponds to your MySQL server version for the right syntax to use near '(20), primary key (id))' at line 1
mysql> create table Developer(id int not null auto_increment, name varchar((20), primary key(id));
ERROR 1064 (42000): You have an error in your SQL syntax; check the manual that corresponds to your MySQL server version for the right syntax to use near '(20), primary key(id))' at line 1
mysql> create table Developer(id int not null auto_increment, name varchar(20), PRIMARY KEY (id));
Query OK, 0 rows affected (0.62 sec)

mysql> create table Internships(id int not null auto_increment, name varchar(20), PRIMARY KEY (id));
Query OK, 0 rows affected (0.43 sec)

mysql> ^CCtrl-C -- exit!
Aborted
stefan@ubuntu:~$ mysql --user=root -p
Enter password: 
Welcome to the MySQL monitor.  Commands end with ; or \g.
Your MySQL connection id is 38
Server version: 5.5.29-0ubuntu0.12.04.2 (Ubuntu)

Copyright (c) 2000, 2012, Oracle and/or its affiliates. All rights reserved.

Oracle is a registered trademark of Oracle Corporation and/or its
affiliates. Other names may be trademarks of their respective
owners.

Type 'help;' or '\h' for help. Type '\c' to clear the current input statement.

mysql> use SUDB_Exam
Reading table information for completion of table and column names
You can turn off this feature to get a quicker startup with -A

Database changed
mysql> show tables;
+---------------------+
| Tables_in_SUDB_Exam |
+---------------------+
| Developer           |
| Internships         |
+---------------------+
2 rows in set (0.00 sec)

mysql> create table Company(id int not null auto_increment, name varchar(20), PRIMARY KEY (id));
Query OK, 0 rows affected (0.40 sec)

mysql> create table Company_Internship(id int not null auto_increment, comapanyid int,internshipid int, PRIMARY KEY (id));
Query OK, 0 rows affected (0.41 sec)

mysql> dump
    -> ;
ERROR 1064 (42000): You have an error in your SQL syntax; check the manual that corresponds to your MySQL server version for the right syntax to use near 'dump' at line 1
mysql> create table Developer__Internship(id int not null auto_increment,developerid int,internshipid int, PRIMARY KEY (id));
Query OK, 0 rows affected (0.44 sec)

mysql> show tables;
+-----------------------+
| Tables_in_SUDB_Exam   |
+-----------------------+
| Company               |
| Company_Internship    |
| Developer             |
| Developer__Internship |
| Internships           |
+-----------------------+
5 rows in set (0.00 sec)

mysql> insert into Company(default, Company1);
ERROR 1064 (42000): You have an error in your SQL syntax; check the manual that corresponds to your MySQL server version for the right syntax to use near 'default, Company1)' at line 1
mysql> insert into Company(default, 'company1');
ERROR 1064 (42000): You have an error in your SQL syntax; check the manual that corresponds to your MySQL server version for the right syntax to use near 'default, 'company1')' at line 1
mysql> insert into Company(, 'company1');
ERROR 1064 (42000): You have an error in your SQL syntax; check the manual that corresponds to your MySQL server version for the right syntax to use near ' 'company1')' at line 1
mysql> select * from comapny
    -> ;
ERROR 1146 (42S02): Table 'SUDB_Exam.comapny' doesn't exist
mysql> select * from company
    -> ;
ERROR 1146 (42S02): Table 'SUDB_Exam.company' doesn't exist
mysql> select * from Company;
Empty set (0.00 sec)

mysql> insert into Company(default ,'company1');
ERROR 1064 (42000): You have an error in your SQL syntax; check the manual that corresponds to your MySQL server version for the right syntax to use near 'default ,'company1')' at line 1
mysql> insert into Company values(default ,'company1');
Query OK, 1 row affected (0.09 sec)

mysql> insert into Developer values(default ,'dev1');
Query OK, 1 row affected (0.05 sec)

mysql> insert into Internship values(default ,'int1');
ERROR 1146 (42S02): Table 'SUDB_Exam.Internship' doesn't exist
mysql> insert into Internships values(default ,'int1');
Query OK, 1 row affected (0.06 sec)

mysql> insert into Developer_Internship values(default ,1,1);
ERROR 1146 (42S02): Table 'SUDB_Exam.Developer_Internship' doesn't exist
mysql> insert into Developer__Internship values(default ,1,1);
Query OK, 1 row affected (0.24 sec)

mysql> insert into Company_Internship values(default ,1,1);
Query OK, 1 row affected (0.06 sec)

mysql> 


SELECT COUNT id from company where id in (select companyid from company_internship) and id in (select companyid from developers);
